
> zenspace@0.1.0 build
> next build

node.exe : ΓÜá 
Warning: Next.js 
inferred your 
workspace root, but 
it may not be correct.
At line:1 char:1
+ & "C:\Program Files\
nodejs/node.exe" "C:\U
sers\AUSU\AppData\Roam
ing\n ...
+ ~~~~~~~~~~~~~~~~~~~~
~~~~~~~~~~~~~~~~~~~~~~
~~~~~~~~~~~~~~~~~~~~~~
~~~~~
    + CategoryInfo    
          : 
NotSpecified    : 
(ΓÜá Warning: Ne.    
..not be correct.:S   
 tring) [], RemoteEx  
  ception
    + 
FullyQualifiedErr    
orId : NativeComman   
 dError
 
 We detected multiple 
lockfiles and 
selected the 
directory of C:\Users\
AUSU\package-lock.json
 as the root 
directory.
 To silence this 
warning, set 
`turbopack.root` in 
your Next.js config, 
or consider removing 
one of the lockfiles 
if it's not needed.
   See https://nextjs.
org/docs/app/api-refer
ence/config/next-confi
g-js/turbopack#root-di
rectory for more 
information.
 Detected additional 
lockfiles: 
   * C:\Users\AUSU\One
Drive\Desktop\googleha
k\zenspace\package-loc
k.json

Γû▓ Next.js 16.1.5 (Turbopack)
- Environments: .env

  Creating an optimized production build ...
Error: Cannot apply 
unknown utility class 
`p-6`
    [2m[at 
onInvalidCandidate (C:
\Users\AUSU\OneDrive\D
esktop\googlehak\zensp
ace\node_modules\tailw
indcss\dist\lib.js:21:
1511)][0m
    [2m[at Te (C:\Use
rs\AUSU\OneDrive\Deskt
op\googlehak\zenspace\
node_modules\tailwindc
ss\dist\lib.js:16:3665
2)][0m
    [2m[at C:\Users\A
USU\OneDrive\Desktop\g
ooglehak\zenspace\node
_modules\tailwindcss\d
ist\lib.js:21:355][0m
    [2m[at Rr (C:\Use
rs\AUSU\OneDrive\Deskt
op\googlehak\zenspace\
node_modules\tailwindc
ss\dist\lib.js:3:1718)
][0m
    [2m[at _ (C:\User
s\AUSU\OneDrive\Deskto
p\googlehak\zenspace\n
ode_modules\tailwindcs
s\dist\lib.js:3:1377)]
[0m
    [2m[at $e (C:\Use
rs\AUSU\OneDrive\Deskt
op\googlehak\zenspace\
node_modules\tailwindc
ss\dist\lib.js:21:172)
][0m
    [2m[at un (C:\Use
rs\AUSU\OneDrive\Deskt
op\googlehak\zenspace\
node_modules\tailwindc
ss\dist\lib.js:38:294)
][0m
    [2m[at async cn (
C:\Users\AUSU\OneDrive
\Desktop\googlehak\zen
space\node_modules\tai
lwindcss\dist\lib.js:3
8:631)][0m
    [2m[at async Xr (
C:\Users\AUSU\OneDrive
\Desktop\googlehak\zen
space\node_modules\@ta
ilwindcss\node\dist\in
dex.js:10:3417)][0m
    [2m[at async I (C
:\Users\AUSU\OneDrive\
Desktop\googlehak\zens
pace\node_modules\@tai
lwindcss\postcss\dist\
index.js:10:3977)][0m

> Build error occurred
Error: Turbopack 
build failed with 1 
errors:
./OneDrive/Desktop/goo
glehak/zenspace/src/ap
p/globals.css
Error evaluating 
Node.js code
CssSyntaxError: 
tailwindcss: C:\Users\
AUSU\OneDrive\Desktop\
googlehak\zenspace\src
\app\globals.css:1:1: 
Cannot apply unknown 
utility class `p-6`
    at Input.error (On
eDrive/Desktop/googleh
ak/zenspace/node_modul
es/postcss/lib/input.j
s:135:16) [C:\Users\AU
SU\OneDrive\Desktop\go
oglehak\zenspace\.next
\build\chunks\0a554_c6
2f0fa6._.js:4651:22]
    at Root.error (One
Drive/Desktop/googleha
k/zenspace/node_module
s/postcss/lib/node.js:
146:32) [C:\Users\AUSU
\OneDrive\Desktop\goog
lehak\zenspace\.next\b
uild\chunks\0a554_c62f
0fa6._.js:928:38]
    [at Object.Once (C
:\Users\AUSU\OneDrive\
Desktop\googlehak\zens
pace\node_modules\@tai
lwindcss\postcss\dist\
index.js:10:6911)]
    at async 
LazyResult.runAsync (O
neDrive/Desktop/google
hak/zenspace/node_modu
les/postcss/lib/lazy-r
esult.js:293:11) [C:\U
sers\AUSU\OneDrive\Des
ktop\googlehak\zenspac
e\.next\build\chunks\0
a554_c62f0fa6._.js:620
6:21]
    at async 
transform (turbopack:/
//[turbopack-node]/tra
nsforms/postcss.ts:70:
34) [C:\Users\AUSU\One
Drive\Desktop\googleha
k\zenspace\.next\build
\chunks\[root-of-the-s
erver]__a1ce1c1b._.js:
146:36]
    at async run (turb
opack:///[turbopack-no
de]/ipc/evaluate.ts:92
:23) [C:\Users\AUSU\On
eDrive\Desktop\googleh
ak\zenspace\.next\buil
d\chunks\[root-of-the-
server]__d56e6be2._.js
:443:31]

Import trace:
  Client Component 
Browser:
    ./OneDrive/Desktop
/googlehak/zenspace/sr
c/app/globals.css 
[Client Component 
Browser]
    ./OneDrive/Desktop
/googlehak/zenspace/sr
c/app/layout.tsx 
[Server Component]


    at async 
transform (turbopack:/
//[turbopack-node]/tra
nsforms/postcss.ts:70:
34) [C:\Users\AUSU\One
Drive\Desktop\googleha
k\zenspace\.next\build
\chunks\[root-of-the-s
erver]__a1ce1c1b._.js:
146:36])
    at async run (turb
opack:///[turbopack-no
de]/ipc/evaluate.ts:92
:23) [C:\Users\AUSU\On
eDrive\Desktop\googleh
ak\zenspace\.next\buil
d\chunks\[root-of-the-
server]__d56e6be2._.js
:443:31])
